GRASS	GRASS	DIRT	DIRT	DIRT	DIRT	GRASS	GRASS	GRASS	GRASS	DIRT	DIRT	DIRT	DIRT	GRASS	GRASS	GRASS	GRASS	DIRT	DIRT	GRASS	GRASS	GRASS	GRASS	GRASS	GRASS	GRASS
GRASS	GRASS	DIRT	DIRT	GRASS	GRASS	GRASS	TREE_TRUNK_SMALL	GRASS	GRASS	DIRT	DIRT	GRASS	GRASS	GRASS	TREE_TRUNK_SMALL	GRASS	GRASS	DIRT	DIRT	GRASS	TREE_TRUNK_SMALL	GRASS	TREE_TRUNK_SMALL	GRASS	GRASS	GRASS
GRASS	GRASS	GRASS	DIRT	GRASS	GRASS	GRASS	GRASS	GRASS	GRASS	GRASS	DIRT	GRASS	GRASS	GRASS	GRASS	GRASS	GRASS	GRASS	GRASS	GRASS	GRASS	GRASS	GRASS	GRASS	GRASS	TREE_TRUNK_SMALL
GRASS	GRASS	GRASS	GRASS	TREE_TRUNK_SMALL	GRASS	GRASS	DIRT	GRASS	GRASS	GRASS	GRASS	TREE_TRUNK_SMALL	GRASS	GRASS	DIRT	GRASS	GRASS	GRASS	GRASS	GRASS	TREE_TRUNK_SMALL	GRASS	TREE_TRUNK_SMALL	GRASS	GRASS	GRASS
GRASS	GRASS	GRASS	GRASS	GRASS	GRASS	GRASS	DIRT	GRASS	GRASS	GRASS	GRASS	GRASS	GRASS	GRASS	DIRT	GRASS	GRASS	GRASS	GRASS	GRASS	GRASS	GRASS	GRASS	GRASS	TREE_TRUNK_SMALL	GRASS
DIRT	DIRT	DIRT	GRASS	GRASS	GRASS	DIRT	DIRT	DIRT	DIRT	DIRT	GRASS	GRASS	GRASS	DIRT	DIRT	DIRT	DIRT	DIRT	DIRT	DIRT	DIRT	DIRT	DIRT	DIRT	DIRT	DIRT
GRASS	GRASS	GRASS	GRASS	GRASS	GRASS	GRASS	GRASS	GRASS	GRASS	GRASS	GRASS	GRASS	GRASS	GRASS	GRASS	GRASS	GRASS	GRASS	DIRT	GRASS	GRASS	GRASS	GRASS	GRASS	GRASS	GRASS
GRASS	GRASS	TREE_TRUNK_SMALL	GRASS	DIRT	DIRT	GRASS	TREE_TRUNK_SMALL	GRASS	GRASS	TREE_TRUNK_SMALL	GRASS	DIRT	DIRT	GRASS	TREE_TRUNK_SMALL	GRASS	GRASS	TREE_TRUNK_SMALL	DIRT	GRASS	GRASS	GRASS	GRASS	GRASS	GRASS	GRASS
GRASS	GRASS	GRASS	DIRT	TREE_TRUNK_SMALL	DIRT	GRASS	GRASS	GRASS	GRASS	GRASS	DIRT	TREE_TRUNK_SMALL	DIRT	GRASS	GRASS	GRASS	GRASS	GRASS	DIRT	GRASS	GRASS	GRASS	GRASS	GRASS	GRASS	GRASS
DIRT	DIRT	DIRT	DIRT	DIRT	DIRT	DIRT	DIRT	DIRT	DIRT	DIRT	DIRT	DIRT	DIRT	DIRT	DIRT	DIRT	DIRT	DIRT	DIRT	GRASS	GRASS	GRASS	GRASS	GRASS	GRASS	GRASS
