27	10
BACKGROUND
-	-	-	-	-	-	DIRT    -	-	-	DIRT	-	-	-	-	-	-	-	-	-	-	-	-	-	-	-	-
-	GRASS	GRASS	GRASS	GRASS	GRASS	DIRT	GRASS	GRASS	GRASS	DIRT	GRASS	GRASS	GRASS	GRASS	GRASS	GRASS	GRASS	GRASS	GRASS	GRASS	GRASS	GRASS	GRASS	GRASS	GRASS	-
-	GRASS	GRASS	GRASS	GRASS	GRASS	DIRT	GRASS	GRASS	GRASS	DIRT	GRASS	GRASS	GRASS	GRASS	GRASS	GRASS	GRASS	GRASS	GRASS	GRASS	GRASS	GRASS	GRASS	GRASS	GRASS	-
-	GRASS	GRASS	GRASS	GRASS	GRASS	DIRT	GRASS	GRASS	GRASS	DIRT	GRASS	GRASS	GRASS	GRASS	GRASS	GRASS	GRASS	GRASS	GRASS	GRASS	GRASS	GRASS	GRASS	GRASS	GRASS	-
-	GRASS	GRASS	GRASS	GRASS	GRASS	DIRT	GRASS	GRASS	DIRT	DIRT	DIRT	GRASS	GRASS	GRASS	GRASS	GRASS	GRASS	GRASS	GRASS	GRASS	GRASS	GRASS	GRASS	GRASS	GRASS	-
DIRT	DIRT	DIRT	DIRT	DIRT	DIRT	DIRT	DIRT	DIRT	DIRT	GRASS	DIRT	DIRT	DIRT	DIRT	DIRT	DIRT	DIRT	DIRT	DIRT	DIRT	DIRT	DIRT	DIRT	DIRT	DIRT	DIRT
-	GRASS	GRASS	GRASS	GRASS	GRASS	DIRT	GRASS	GRASS	DIRT	DIRT	DIRT	GRASS	GRASS	GRASS	GRASS	GRASS	GRASS	GRASS	GRASS	GRASS	GRASS	GRASS	GRASS	GRASS	GRASS	-
-	GRASS	GRASS	GRASS	GRASS	GRASS	DIRT	GRASS	GRASS	GRASS	DIRT	GRASS	GRASS	GRASS	GRASS	GRASS	GRASS	GRASS	GRASS	GRASS	GRASS	GRASS	GRASS	GRASS	GRASS	GRASS	-
-	GRASS	GRASS	GRASS	GRASS	GRASS	DIRT	GRASS	GRASS	GRASS	DIRT	GRASS	GRASS	GRASS	GRASS	GRASS	GRASS	GRASS	GRASS	GRASS	GRASS	GRASS	GRASS	GRASS	GRASS	GRASS	-
-	-	-	-	-	-	DIRT	-	-	-	DIRT	-	-	-	-	-	-	-	-	-	-	-	-	-	-	-	-
MIDGROUND
BOX_COLLIDER	BOX_COLLIDER	BOX_COLLIDER	BOX_COLLIDER	BOX_COLLIDER	BOX_COLLIDER	BOX_COLLIDER	BOX_COLLIDER	BOX_COLLIDER	BOX_COLLIDER	BOX_COLLIDER	BOX_COLLIDER	BOX_COLLIDER	BOX_COLLIDER	BOX_COLLIDER	BOX_COLLIDER	BOX_COLLIDER	BOX_COLLIDER	BOX_COLLIDER	BOX_COLLIDER	BOX_COLLIDER	BOX_COLLIDER	BOX_COLLIDER	BOX_COLLIDER	BOX_COLLIDER	BOX_COLLIDER	BOX_COLLIDER
BOX_COLLIDER	TREE_TRUNK_SMALL	-	-	-	-	-	-	-	TREE_TRUNK_SMALL	-	TREE_TRUNK_SMALL	-	-	-	-	-	-	TREE_TRUNK_SMALL	-	-	-	-	-	-	-	BOX_COLLIDER
BOX_COLLIDER	-	-	-	-	-	-	-	-	-	-	-	-	TREE_TRUNK_SMALL	-	-	TREE_TRUNK_SMALL	-	-	-	TREE_TRUNK_SMALL	-	-	-	TREE_TRUNK_SMALL	-	BOX_COLLIDER
BOX_COLLIDER	-	-	TREE_TRUNK_SMALL	-	-	-	-	-	-	-	-	-	-	-	-	-	-	-	-	-	TREE_TRUNK_SMALL	-	-	-	-	BOX_COLLIDER
BOX_COLLIDER	-	-	-	-	-	-	-	-	-	-	-	-	-	-	-	-	-	-	-	-	-	-	-	-	-	BOX_COLLIDER
BOX_COLLIDER	-	-	-	-	-	-	-	-	-	BOX_COLLIDER	-	-	-	-	-	-	-	-	-	-	-	-	-	-	-	BOX_COLLIDER
BOX_COLLIDER	-	-	-	-	-	-	-	-	-	-	-	-	-	-	-	-	-	-	-	-	TREE_TRUNK_SMALL	-	-	-	-	BOX_COLLIDER
BOX_COLLIDER	-	-	-	-	TREE_TRUNK_SMALL	-	-	-	-	-	-	-	-	-	-	-	-	TREE_TRUNK_SMALL	-	-	-	-	-	-	-	BOX_COLLIDER
BOX_COLLIDER	TREE_TRUNK_SMALL	-	TREE_TRUNK_SMALL	-	-	-	TREE_TRUNK_SMALL	TREE_TRUNK_SMALL	-	-	-	-	-	-	-	-	-	-	-	-	-	TREE_TRUNK_SMALL	-	-	TREE_TRUNK_SMALL	BOX_COLLIDER
BOX_COLLIDER	BOX_COLLIDER	BOX_COLLIDER	BOX_COLLIDER	BOX_COLLIDER	BOX_COLLIDER	BOX_COLLIDER	BOX_COLLIDER	BOX_COLLIDER	BOX_COLLIDER	BOX_COLLIDER	BOX_COLLIDER	BOX_COLLIDER	BOX_COLLIDER	BOX_COLLIDER	BOX_COLLIDER	BOX_COLLIDER	BOX_COLLIDER	BOX_COLLIDER	BOX_COLLIDER	BOX_COLLIDER	BOX_COLLIDER	BOX_COLLIDER	BOX_COLLIDER	BOX_COLLIDER	BOX_COLLIDER	BOX_COLLIDER
FOREGROUND
-	-	-	-	-	-	-	-	-	-	-	-	-	-	-	-	-	-	-	-	-	-	-	-	-	-	-
-	-	-	-	-	-	-	-	-	-	-	-	-	-	-	-	-	-	-	-	-	-	-	-	-	-	-
-	-	-	-	-	-	-	-	-	-	-	-	-	-	-	-	-	-	-	-	-	-	-	-	-	-	-
-	-	-	-	-	-	-	-	-	-	-	-	-	-	-	-	-	-	-	-	-	-	-	-	-	-	-
-	-	-	-	-	-	-	-	-	-	-	-	-	-	-	-	-	-	-	-	-	-	-	-	-	-	-
-	-	-	-	-	-	-	-	-	-	-	-	-	-	-	-	-	-	-	-	-	-	-	-	-	-	-
-	-	-	-	-	-	-	-	-	-	-	-	-	-	-	-	-	-	-	-	-	-	-	-	-	-	-
-	-	-	-	-	-	-	-	-	-	-	-	-	-	-	-	-	-	-	-	-	-	-	-	-	-	-
-	-	-	-	-	-	-	-	-	-	-	-	-	-	-	-	-	-	-	-	-	-	-	-	-	-	-
-	-	-	-	-	-	-	-	-	-	-	-	-	-	-	-	-	-	-	-	-	-	-	-	-	-	-
