27	10
BACKGROUND
GRASS	GRASS	GRASS	GRASS	GRASS	GRASS	DIRT	GRASS	GRASS	GRASS	DIRT	GRASS	GRASS	GRASS	GRASS	GRASS	GRASS	GRASS	GRASS	GRASS	GRASS	GRASS	GRASS	GRASS	GRASS	GRASS	GRASS
GRASS	GRASS	GRASS	GRASS	GRASS	GRASS	DIRT	GRASS	GRASS	GRASS	DIRT	GRASS	GRASS	GRASS	GRASS	GRASS	GRASS	GRASS	GRASS	GRASS	GRASS	GRASS	GRASS	GRASS	GRASS	GRASS	GRASS
GRASS	GRASS	GRASS	GRASS	GRASS	GRASS	DIRT	GRASS	GRASS	GRASS	DIRT	GRASS	GRASS	GRASS	GRASS	GRASS	GRASS	GRASS	GRASS	GRASS	GRASS	GRASS	GRASS	GRASS	GRASS	GRASS	GRASS
GRASS	GRASS	GRASS	GRASS	GRASS	GRASS	DIRT	GRASS	GRASS	GRASS	DIRT	GRASS	GRASS	GRASS	GRASS	GRASS	GRASS	GRASS	GRASS	GRASS	GRASS	GRASS	GRASS	GRASS	GRASS	GRASS	GRASS
GRASS	GRASS	GRASS	GRASS	GRASS	GRASS	DIRT	GRASS	GRASS	DIRT	DIRT	DIRT	GRASS	GRASS	GRASS	GRASS	GRASS	GRASS	GRASS	GRASS	GRASS	GRASS	GRASS	GRASS	GRASS	GRASS	GRASS
DIRT	DIRT	DIRT	DIRT	DIRT	DIRT	DIRT	DIRT	DIRT	DIRT	GRASS	DIRT	DIRT	DIRT	DIRT	DIRT	DIRT	DIRT	DIRT	DIRT	DIRT	DIRT	DIRT	DIRT	DIRT	DIRT	DIRT
GRASS	GRASS	GRASS	GRASS	GRASS	GRASS	DIRT	GRASS	GRASS	DIRT	DIRT	DIRT	GRASS	GRASS	GRASS	GRASS	GRASS	GRASS	GRASS	GRASS	GRASS	GRASS	GRASS	GRASS	GRASS	GRASS	GRASS
GRASS	GRASS	GRASS	GRASS	GRASS	GRASS	DIRT	GRASS	GRASS	GRASS	DIRT	GRASS	GRASS	GRASS	GRASS	GRASS	GRASS	GRASS	GRASS	GRASS	GRASS	GRASS	GRASS	GRASS	GRASS	GRASS	GRASS
GRASS	GRASS	GRASS	GRASS	GRASS	GRASS	DIRT	GRASS	GRASS	GRASS	DIRT	GRASS	GRASS	GRASS	GRASS	GRASS	GRASS	GRASS	GRASS	GRASS	GRASS	GRASS	GRASS	GRASS	GRASS	GRASS	GRASS
GRASS	GRASS	GRASS	GRASS	GRASS	GRASS	DIRT	GRASS	GRASS	GRASS	DIRT	GRASS	GRASS	GRASS	GRASS	GRASS	GRASS	GRASS	GRASS	GRASS	GRASS	GRASS	GRASS	GRASS	GRASS	GRASS	GRASS
MIDGROUND
TREE_TRUNK_SMALL	-	-	-	TREE_TRUNK_SMALL	-	-	-	-	-	-	-	-	-	-	-	-	-	-	-	-	TREE_TRUNK_SMALL	-	-	-	-	-
-	TREE_TRUNK_SMALL	-	-	-	-	-	-	-	TREE_TRUNK_SMALL	-	TREE_TRUNK_SMALL	-	-	-	-	-	-	TREE_TRUNK_SMALL	-	-	-	-	-	-	-	-
-	-	-	-	-	-	-	-	-	-	-	-	-	TREE_TRUNK_SMALL	-	-	TREE_TRUNK_SMALL	-	-	-	TREE_TRUNK_SMALL	-	-	-	TREE_TRUNK_SMALL	-	TREE_TRUNK_SMALL
-	-	-	TREE_TRUNK_SMALL	-	-	-	-	-	-	-	-	-	-	-	-	-	-	-	-	-	TREE_TRUNK_SMALL	-	-	-	-	-
-	-	-	-	-	-	-	-	-	-	-	-	-	-	-	-	-	-	-	-	-	-	-	-	-	-	-
-	-	-	-	-	-	-	-	-	-	BOX_COLLIDER	-	-	-	-	-	-	-	-	-	-	-	-	-	-	-	-
-	-	-	-	-	-	-	-	-	-	-	-	-	-	-	-	-	-	-	-	-	TREE_TRUNK_SMALL	-	-	-	-	TREE_TRUNK_SMALL
TREE_TRUNK_SMALL	-	-	-	-	TREE_TRUNK_SMALL	-	-	-	-	-	-	-	-	-	-	-	-	TREE_TRUNK_SMALL	-	-	-	-	-	-	-	-
-	TREE_TRUNK_SMALL	-	TREE_TRUNK_SMALL	-	-	-	TREE_TRUNK_SMALL	TREE_TRUNK_SMALL	-	-	-	-	-	-	-	-	-	-	-	-	-	TREE_TRUNK_SMALL	-	-	TREE_TRUNK_SMALL	-
-	-	-	-	-	-	-	-	-	-	-	-	TREE_TRUNK_SMALL	-	-	TREE_TRUNK_SMALL	-	TREE_TRUNK_SMALL	-	TREE_TRUNK_SMALL	-	-	-	-	-	-	-
FOREGROUND
-	-	-	-	-	-	-	-	-	-	-	-	-	-	-	-	-	-	-	-	-	-	-	-	-	-	-
-	-	-	-	-	-	-	-	-	-	-	-	-	-	-	-	-	-	-	-	-	-	-	-	-	-	-
-	-	-	-	-	-	-	-	-	-	-	-	-	-	-	-	-	-	-	-	-	-	-	-	-	-	-
-	-	-	-	-	-	-	-	-	-	-	-	-	-	-	-	-	-	-	-	-	-	-	-	-	-	-
-	-	-	-	-	-	-	-	-	-	-	-	-	-	-	-	-	-	-	-	-	-	-	-	-	-	-
-	-	-	-	-	-	-	-	-	-	-	-	-	-	-	-	-	-	-	-	-	-	-	-	-	-	-
-	-	-	-	-	-	-	-	-	-	-	-	-	-	-	-	-	-	-	-	-	-	-	-	-	-	-
-	-	-	-	-	-	-	-	-	-	-	-	-	-	-	-	-	-	-	-	-	-	-	-	-	-	-
-	-	-	-	-	-	-	-	-	-	-	-	-	-	-	-	-	-	-	-	-	-	-	-	-	-	-
-	-	-	-	-	-	-	-	-	-	-	-	-	-	-	-	-	-	-	-	-	-	-	-	-	-	-
